// Jest Snapshot v1, https://goo.gl/fbAQLP

exports[`Icon exports every icon 1`] = `
Object {
  "AddCircle": [Function],
  "AddCircleInverted": [Function],
  "AddUser": [Function],
  "AppleBrand": [Function],
  "Apply": [Function],
  "Archive": [Function],
  "ArrowDown": [Function],
  "ArrowLeft": [Function],
  "ArrowRight": [Function],
  "ArrowUp": [Function],
  "Assess": [Function],
  "Assignment": [Function],
  "AssignmentInverted": [Function],
  "Attachment": [Function],
  "Attention": [Function],
  "AttentionInverted": [Function],
  "Back": [Function],
  "BarChart": [Function],
  "Bell": [Function],
  "Book": [Function],
  "Bookmark": [Function],
  "BookmarkInverted": [Function],
  "Branch": [Function],
  "Briefcase": [Function],
  "Building": [Function],
  "Bulb": [Function],
  "Bullet": [Function],
  "Calendar": [Function],
  "Camera": [Function],
  "Chat": [Function],
  "ChatInverted": [Function],
  "Checkmark": [Function],
  "CheckmarkCircle": [Function],
  "CheckmarkCircleInverted": [Function],
  "ChevronDown": [Function],
  "ChevronLeft": [Function],
  "ChevronRight": [Function],
  "ChevronUp": [Function],
  "Circle": [Function],
  "CircleInverted": [Function],
  "Clock": [Function],
  "ClockInverted": [Function],
  "ClosedCaptions": [Function],
  "Code": [Function],
  "Cog": [Function],
  "CogInverted": [Function],
  "Columns": [Function],
  "Command": [Function],
  "Compass": [Function],
  "Copy": [Function],
  "CreditCard": [Function],
  "Cross": [Function],
  "CrossCircle": [Function],
  "CrossCircleInverted": [Function],
  "Crosshair": [Function],
  "DataCampBrand": [Function],
  "Database": [Function],
  "Desktop": [Function],
  "Diamond": [Function],
  "Document": [Function],
  "Dollar": [Function],
  "Download": [Function],
  "Edit": [Function],
  "Education": [Function],
  "Exercise": [Function],
  "ExerciseInverted": [Function],
  "Exit": [Function],
  "Expand": [Function],
  "ExternalLink": [Function],
  "FacebookBrand": [Function],
  "Feed": [Function],
  "FigmaBrand": [Function],
  "Filter": [Function],
  "Flag": [Function],
  "Flash": [Function],
  "FlashInverted": [Function],
  "Flashcard": [Function],
  "Float": [Function],
  "Folder": [Function],
  "Footer": [Function],
  "Forbidden": [Function],
  "Forward": [Function],
  "FullScreen": [Function],
  "GithubBrand": [Function],
  "Globe": [Function],
  "GoogleBrand": [Function],
  "GoogleColoredBrand": [Function],
  "GooglePlayBrand": [Function],
  "Group": [Function],
  "GroupInverted": [Function],
  "Header": [Function],
  "Health": [Function],
  "HealthInverted": [Function],
  "Heart": [Function],
  "HeartInverted": [Function],
  "Help": [Function],
  "HelpCircle": [Function],
  "HelpCircleInverted": [Function],
  "Hidden": [Function],
  "HiddenInverted": [Function],
  "Home": [Function],
  "Image": [Function],
  "InfoCircle": [Function],
  "InfoCircleInverted": [Function],
  "InstagramBrand": [Function],
  "Integration": [Function],
  "Interface": [Function],
  "Introduction": [Function],
  "KaggleBrand": [Function],
  "Keyboard": [Function],
  "Lab": [Function],
  "LeanpubBrand": [Function],
  "Learn": [Function],
  "LineChart": [Function],
  "Link": [Function],
  "LinkedInBrand": [Function],
  "List": [Function],
  "Locked": [Function],
  "LockedInverted": [Function],
  "Mail": [Function],
  "Markdown": [Function],
  "Matrix": [Function],
  "Medal": [Function],
  "Menu": [Function],
  "Microphone": [Function],
  "MicrophoneInverted": [Function],
  "Minus": [Function],
  "Mobile": [Function],
  "Moon": [Function],
  "MoonInverted": [Function],
  "More": [Function],
  "Multidoc": [Function],
  "Mute": [Function],
  "MuteInverted": [Function],
  "NineDots": [Function],
  "Pause": [Function],
  "PaypalBrand": [Function],
  "PaypalColoredBrand": [Function],
  "Phone": [Function],
  "PieChart": [Function],
  "Pin": [Function],
  "PinInverted": [Function],
  "PlatformSwitch": [Function],
  "Play": [Function],
  "PlayInverted": [Function],
  "Plus": [Function],
  "Practice": [Function],
  "Publish": [Function],
  "PythonBrand": [Function],
  "RBrand": [Function],
  "Random": [Function],
  "Redo": [Function],
  "Refresh": [Function],
  "Remove": [Function],
  "RemoveInverted": [Function],
  "Reply": [Function],
  "Rewind": [Function],
  "RewindInverted": [Function],
  "Rocket": [Function],
  "RocketInverted": [Function],
  "Rows": [Function],
  "Save": [Function],
  "ScalaBrand": [Function],
  "Scissors": [Function],
  "Search": [Function],
  "Share": [Function],
  "Skip": [Function],
  "SkipInverted": [Function],
  "SlackBrand": [Function],
  "SlackColoredBrand": [Function],
  "Sort": [Function],
  "SortAscending": [Function],
  "SortDescending": [Function],
  "Sound": [Function],
  "SoundInverted": [Function],
  "Sparkles": [Function],
  "SparklesInverted": [Function],
  "Star": [Function],
  "StarInverted": [Function],
  "Stop": [Function],
  "StopInverted": [Function],
  "Sun": [Function],
  "SunInverted": [Function],
  "Tab": [Function],
  "Tablet": [Function],
  "Tag": [Function],
  "Team": [Function],
  "Terminal": [Function],
  "TerminalInverted": [Function],
  "Text": [Function],
  "Trash": [Function],
  "TrashInverted": [Function],
  "TrimBegin": [Function],
  "TrimEnd": [Function],
  "Trophy": [Function],
  "TwitterBrand": [Function],
  "Undo": [Function],
  "Unlink": [Function],
  "Unlocked": [Function],
  "UnlockedInverted": [Function],
  "Upload": [Function],
  "Upvote": [Function],
  "UpvoteInverted": [Function],
  "User": [Function],
  "UserInverted": [Function],
  "Verified": [Function],
  "VerifiedInverted": [Function],
  "Video": [Function],
  "VideoCamera": [Function],
  "VideoCameraInverted": [Function],
  "VideoInverted": [Function],
  "Visible": [Function],
  "VisibleInverted": [Function],
  "Waypoint": [Function],
  "Website": [Function],
  "YoutubeBrand": [Function],
}
`;
